How to use 0-add_integer.py
===========================

Usege: with numbers
==================
>>> add_integer = __import__('0-add_integer').add_integer

>>> add_integer(1, 2)
3

>>> add_integer(1)
99

>>> add_integer(-2, 2)
0

>>> add_integer(2.7, 3.3)
5

>>> add_integer(-2.7, -3.3)
-5

>>> add_integer(2.7, 3)
5

Uesge: With non-numbers:
========================

>>> add_integer("3", 3)
Traceback (most recent call last):
TypeError: a must be an integer

>>> add_integer()
Traceback (most recent call last):
TypeError: add_integer() missing 1 required positional argument: 'a'

>>> add_integer(2, float("inf"))
Traceback (most recent call last):
OverflowError: cannot convert float infinity to integer

>>> add_integer(float("NaN"), 6)
Traceback (most recent call last):
ValueError: cannot convert float NaN to integer

>>> add_integer(4, None)
Traceback (most recent call last):
TypeError: b must be an integer
